// Vitest Snapshot v1, https://vitest.dev/guide/snapshot.html

exports[`TextLink > HTMLとスタイルが変わらないこと 1`] = `
<DocumentFragment>
  <a
    href="https://example.com"
  >
    Click me
  </a>
</DocumentFragment>
`;
