// Vitest Snapshot v1, https://vitest.dev/guide/snapshot.html

exports[`Header > HTMLとスタイルが変わらないこと 1`] = `
<DocumentFragment>
  <header
    class="px-4 py-4 w-full border-b-2 border-black"
  >
    <h1
      class="font-bold text-2xl text-center font-logo"
    >
      Sewing log
    </h1>
  </header>
</DocumentFragment>
`;
