// Vitest Snapshot v1, https://vitest.dev/guide/snapshot.html

exports[`Header > HTMLとスタイルが変わらないこと 1`] = `
<DocumentFragment>
  <header
    class="px-4 py-4 w-full border-b-2 border-primary bg-white"
  >
    <h1
      class="font-bold text-2xl text-center font-logo text-primary"
    >
      <a
        data-discover="true"
        href="/"
      >
        Sewing log
      </a>
    </h1>
  </header>
</DocumentFragment>
`;
